// Jest Snapshot v1, https://goo.gl/fbAQLP

exports[`ShoppingCart render products 1`] = `
<div>
  <div
    class="container"
  >
    <main
      class="main"
    >
      <h1
        class="title"
      >
        shopping_cart
      </h1>
      <table
        cellspacing="0"
        class="table"
      >
        <colgroup>
          <col
            width="200"
          />
          <col
            width="200"
          />
          <col
            width="200"
          />
          <col
            width="200"
          />
        </colgroup>
        <thead>
          <tr>
            <th>
              name
            </th>
            <th>
              price
            </th>
            <th>
              count
            </th>
            <th />
          </tr>
        </thead>
        <tbody>
          <tr>
            <td>
              prod 1
            </td>
            <td>
              100
            </td>
            <td>
              0
            </td>
            <td>
              <button
                class="button"
              >
                add
              </button>
            </td>
          </tr>
          <tr>
            <td>
              prod 2
            </td>
            <td>
              200
            </td>
            <td>
              0
            </td>
            <td>
              <button
                class="button"
              >
                add
              </button>
            </td>
          </tr>
          <tr>
            <td>
              prod 3
            </td>
            <td>
              300
            </td>
            <td>
              0
            </td>
            <td>
              <button
                class="button"
              >
                add
              </button>
            </td>
          </tr>
        </tbody>
        <tfoot>
          <tr>
            <td
              colspan="4"
            >
              total: 
              0
            </td>
          </tr>
        </tfoot>
      </table>
    </main>
  </div>
</div>
`;
